// Jest Snapshot v1, https://goo.gl/fbAQLP

exports[`Index renders 1`] = `
<div
  class="css-0"
>
  Quote
</div>
`;
